[11:01:57] [main/INFO]: Loading Minecraft 26.2 with Fabric Loader 0.19.5
[11:01:57] [main/INFO]: Loading 50 mods:
	- bbs 2.6.1-26.2
	- fabric-api 0.161.0+26.2
	   |-- fabric-advancement-api-v1 1.0.0+58719a3b9e
	   |-- fabric-api-base 2.0.4+ece063239e
	   |-- fabric-api-lookup-api-v1 2.0.18+11e1c9a39e
	   |-- fabric-biome-api-v1 18.0.6+c7bd5b8e9e
	   |-- fabric-block-api-v1 3.1.0+53515aab9e
	   |-- fabric-block-getter-api-v2 2.0.7+ec56b6019e
	   |-- fabric-command-api-v2 3.1.0+00cb03469e
	   |-- fabric-content-registries-v0 11.3.2+37b1aa249e
	   |-- fabric-convention-tags-v2 4.7.1+1f023a9e9e
	   |-- fabric-crash-report-info-v1 1.0.5+086d547a9e
	   |-- fabric-creative-tab-api-v1 5.0.15+6468574f9e
	   |-- fabric-data-attachment-api-v1 2.2.19+515ac5339e
	   |-- fabric-data-generation-api-v1 25.6.0+c0da0b829e
	   |-- fabric-debug-api-v1 1.0.2+c792624d9e
	   |-- fabric-dimensions-v1 5.1.12+515ac5339e
	   |-- fabric-entity-events-v1 5.0.5+06488ac19e
	   |-- fabric-events-interaction-v0 5.2.8+515ac5339e
	   |-- fabric-game-rule-api-v1 4.0.8+46a6d00c9e
	   |-- fabric-item-api-v1 14.5.0+c68f6cbe9e
	   |-- fabric-key-mapping-api-v1 2.0.5+e2bdee789e
	   |-- fabric-lifecycle-events-v1 4.1.4+29b6eb019e
	   |-- fabric-loot-api-v3 3.0.17+06488ac19e
	   |-- fabric-menu-api-v1 2.0.17+086d547a9e
	   |-- fabric-message-api-v1 7.0.8+bb2ed3f79e
	   |-- fabric-model-loading-api-v1 8.0.17+c80601bb9e
	   |-- fabric-networking-api-v1 6.3.4+2989c6a09e
	   |-- fabric-object-builder-api-v1 24.1.1+6fcd5f039e
	   |-- fabric-particles-v1 5.0.19+d1756aa99e
	   |-- fabric-permission-api-v1 1.0.5+e442d8d09e
	   |-- fabric-recipe-api-v1 9.0.22+11e1c9a39e
	   |-- fabric-registry-sync-v0 7.1.1+c7bd5b8e9e
	   |-- fabric-renderer-api-v1 14.1.4+2b0d8a229e
	   |-- fabric-renderer-indigo 9.1.4+2b0d8a229e
	   |-- fabric-rendering-fluids-v1 6.0.4+06488ac19e
	   |-- fabric-rendering-v1 25.3.3+515ac5339e
	   |-- fabric-resource-conditions-api-v1 6.1.0+10e9a28b9e
	   |-- fabric-resource-loader-v0 3.3.20+4fc5413f9e
	   |-- fabric-resource-loader-v1 2.0.13+9edec1269e
	   |-- fabric-screen-api-v1 5.2.1+5087f8249e
	   |-- fabric-serialization-api-v1 2.0.4+11a26f319e
	   |-- fabric-sound-api-v1 2.0.5+11a26f319e
	   |-- fabric-tag-api-v1 2.1.4+515ac5339e
	   |-- fabric-transfer-api-v1 8.0.13+11dbb7d79e
	   \-- fabric-transitive-access-wideners-v1 8.1.4+67c847259e
	- fabricloader 0.19.5
	   \-- mixinextras 0.5.5
	- java 26
	- minecraft 26.2
[11:01:57] [main/INFO]: SpongePowered MIXIN Subsystem Version=0.8.7 Source=file:/home/mizuki/.hmcl/.minecraft/libraries/net/fabricmc/sponge-mixin/0.17.4+mixin.0.8.7/sponge-mixin-0.17.4+mixin.0.8.7.jar Service=Knot/Fabric Env=CLIENT
[11:01:57] [main/WARN]: Error loading class: net/irisshaders/iris/Iris (java.lang.ClassNotFoundException: net/irisshaders/iris/Iris)
[11:01:57] [main/WARN]: @Mixin target net.irisshaders.iris.Iris was not found bbs.iris.mixins.json:IrisMixin from mod bbs
[11:01:57] [main/WARN]: Error loading class: net/irisshaders/iris/pathways/HandRenderer (java.lang.ClassNotFoundException: net/irisshaders/iris/pathways/HandRenderer)
[11:01:57] [main/WARN]: @Mixin target net.irisshaders.iris.pathways.HandRenderer was not found bbs.iris.mixins.json:HandRendererMixin from mod bbs
[11:01:57] [main/WARN]: Error loading class: net/irisshaders/iris/uniforms/CelestialUniforms (java.lang.ClassNotFoundException: net/irisshaders/iris/uniforms/CelestialUniforms)
[11:01:57] [main/WARN]: @Mixin target net.irisshaders.iris.uniforms.CelestialUniforms was not found bbs.iris.mixins.json:CelestialUniformsMixin from mod bbs
[11:01:57] [main/WARN]: Error loading class: net/irisshaders/iris/shadows/ShadowMatrices (java.lang.ClassNotFoundException: net/irisshaders/iris/shadows/ShadowMatrices)
[11:01:57] [main/WARN]: @Mixin target net.irisshaders.iris.shadows.ShadowMatrices was not found bbs.iris.mixins.json:ShadowMatricesMixin from mod bbs
[11:01:57] [main/WARN]: Error loading class: net/irisshaders/iris/shaderpack/preprocessor/JcppProcessor (java.lang.ClassNotFoundException: net/irisshaders/iris/shaderpack/preprocessor/JcppProcessor)
[11:01:57] [main/WARN]: @Mixin target net.irisshaders.iris.shaderpack.preprocessor.JcppProcessor was not found bbs.iris.mixins.json:JcppProcessorMixin from mod bbs
[11:01:57] [main/WARN]: Error loading class: net/irisshaders/iris/shaderpack/ShaderPack (java.lang.ClassNotFoundException: net/irisshaders/iris/shaderpack/ShaderPack)
[11:01:57] [main/WARN]: @Mixin target net.irisshaders.iris.shaderpack.ShaderPack was not found bbs.iris.mixins.json:ShaderPackMixin from mod bbs
[11:01:57] [main/WARN]: Error loading class: net/irisshaders/iris/uniforms/custom/CustomUniforms (java.lang.ClassNotFoundException: net/irisshaders/iris/uniforms/custom/CustomUniforms)
[11:01:57] [main/WARN]: @Mixin target net.irisshaders.iris.uniforms.custom.CustomUniforms was not found bbs.iris.mixins.json:CustomUniformsAccessor from mod bbs
[11:01:57] [main/WARN]: Error loading class: net/irisshaders/iris/uniforms/custom/CustomUniforms$Builder (java.lang.ClassNotFoundException: net/irisshaders/iris/uniforms/custom/CustomUniforms$Builder)
[11:01:57] [main/WARN]: @Mixin target net.irisshaders.iris.uniforms.custom.CustomUniforms$Builder was not found bbs.iris.mixins.json:CustomUniformsBuilderMixin from mod bbs
[11:01:57] [main/WARN]: Error loading class: net/irisshaders/iris/gui/element/widget/SliderElementWidget (java.lang.ClassNotFoundException: net/irisshaders/iris/gui/element/widget/SliderElementWidget)
[11:01:57] [main/WARN]: @Mixin target net.irisshaders.iris.gui.element.widget.SliderElementWidget was not found bbs.iris.mixins.json:SliderElementWidgetMixin from mod bbs
[11:01:57] [main/WARN]: Error loading class: net/irisshaders/iris/gui/element/widget/StringElementWidget (java.lang.ClassNotFoundException: net/irisshaders/iris/gui/element/widget/StringElementWidget)
[11:01:57] [main/WARN]: @Mixin target net.irisshaders.iris.gui.element.widget.StringElementWidget was not found bbs.iris.mixins.json:StringElementWidgetInvoker from mod bbs
WARNING: A restricted method in java.lang.System has been called
WARNING: java.lang.System::load has been called by org.lwjgl.system.Library$$Lambda/0x00000000142b2d38 in an unnamed module (file:/home/mizuki/.hmcl/.minecraft/libraries/org/lwjgl/lwjgl/3.4.1/lwjgl-3.4.1-unsafe.jar)
WARNING: Use --enable-native-access=ALL-UNNAMED to avoid a warning for callers in this module
WARNING: Restricted methods will be blocked in a future release unless native access is enabled

WARNING: A terminally deprecated method in sun.misc.Unsafe has been called
WARNING: sun.misc.Unsafe::objectFieldOffset has been called by org.lwjgl.system.MemoryUtil (file:/home/mizuki/.hmcl/.minecraft/libraries/org/lwjgl/lwjgl/3.4.1/lwjgl-3.4.1-unsafe.jar)
WARNING: Please consider reporting this to the maintainers of class org.lwjgl.system.MemoryUtil
WARNING: sun.misc.Unsafe::objectFieldOffset will be removed in a future release
[11:01:58] [main/INFO]: Initializing MixinExtras via com.llamalad7.mixinextras.service.MixinExtrasServiceImpl(version=0.5.5).
[11:01:59] [Datafixer Bootstrap #0/INFO]: 295 Datafixer optimizations took 332 milliseconds
[11:02:01] [main/INFO]: Completely ignored arguments: [MixinBoot]
[11:02:01] [Render thread/INFO]: Environment: Environment[sessionHost=https://sessionserver.mojang.com, servicesHost=https://api.minecraftservices.com, profilesHost=https://api.mojang.com, name=PROD]
[11:02:01] [Render thread/INFO]: Setting user: Test
[11:02:02] [Render thread/INFO]: [STDOUT]: Loading language file "assets:strings/en_us.json".
[11:02:02] [Render thread/INFO]: [Indigo] Registering Indigo renderer!
---- Minecraft Crash Report ----
// I just don't know what went wrong :(

Time: 2026-10-03 11:02:02
Description: Initializing game

java.lang.RuntimeException: Could not execute entrypoint stage 'client' due to errors, provided by 'bbs' at 'mchorse.bbs_mod.BBSModClient'!
	at net.fabricmc.loader.impl.FabricLoaderImpl.lambda$invokeEntrypoints$0(FabricLoaderImpl.java:413)
	at net.fabricmc.loader.impl.util.ExceptionUtil.gatherExceptions(ExceptionUtil.java:33)
	at net.fabricmc.loader.impl.FabricLoaderImpl.invokeEntrypoints(FabricLoaderImpl.java:411)
	at net.fabricmc.loader.impl.game.minecraft.Hooks.startClient(Hooks.java:53)
	at knot//net.minecraft.client.Minecraft.<init>(Minecraft.java:456)
	at knot//net.minecraft.client.main.Main.main(Main.java:278)
	at net.fabricmc.loader.impl.game.minecraft.MinecraftGameProvider.launch(MinecraftGameProvider.java:517)
	at net.fabricmc.loader.impl.launch.knot.Knot.launch(Knot.java:72)
	at net.fabricmc.loader.impl.launch.knot.KnotClient.main(KnotClient.java:23)
Caused by: java.lang.NullPointerException: Components not bound yet
	at java.base/java.util.Objects.requireNonNull(Objects.java:246)
	at knot//net.minecraft.core.Holder$Reference.components(Holder.java:281)
	at knot//net.minecraft.world.item.ItemStack.<init>(ItemStack.java:265)
	at knot//net.minecraft.world.item.ItemStack.<init>(ItemStack.java:259)
	at knot//mchorse.bbs_mod.forms.sections.ExtraFormSection.initiate(ExtraFormSection.java:64)
	at knot//mchorse.bbs_mod.forms.FormCategories.setup(FormCategories.java:66)
	at knot//mchorse.bbs_mod.BBSResources.init(BBSResources.java:23)
	at knot//mchorse.bbs_mod.BBSModClient.onInitializeClient(BBSModClient.java:605)
	at net.fabricmc.loader.impl.FabricLoaderImpl.invokeEntrypoints(FabricLoaderImpl.java:409)
	... 6 more


A detailed walkthrough of the error, its code path and all known details is as follows:
---------------------------------------------------------------------------------------

-- Head --
Thread: Render thread
Stacktrace:
	at net.fabricmc.loader.impl.FabricLoaderImpl.lambda$invokeEntrypoints$0(FabricLoaderImpl.java:413)
	at net.fabricmc.loader.impl.util.ExceptionUtil.gatherExceptions(ExceptionUtil.java:33)
	at net.fabricmc.loader.impl.FabricLoaderImpl.invokeEntrypoints(FabricLoaderImpl.java:411)
	at net.fabricmc.loader.impl.game.minecraft.Hooks.startClient(Hooks.java:53)
	at knot//net.minecraft.client.Minecraft.<init>(Minecraft.java:456)

-- Initialization --
Details:
	Modules: 
Stacktrace:
	at knot//net.minecraft.client.main.Main.main(Main.java:278)
	at net.fabricmc.loader.impl.game.minecraft.MinecraftGameProvider.launch(MinecraftGameProvider.java:517)
	at net.fabricmc.loader.impl.launch.knot.Knot.launch(Knot.java:72)
	at net.fabricmc.loader.impl.launch.knot.KnotClient.main(KnotClient.java:23)

-- System Details --
Details:
	Minecraft Version: 26.2
	Minecraft Version ID: 26.2
	Operating System: Linux (amd64) version 7.2.4-arch1-2
	Java Version: 26.0.2.1, Arch Linux
	Java VM Version: OpenJDK 64-Bit Server VM (mixed mode, sharing), Arch Linux
	Memory: 560992256 bytes (535 MiB) / 943718400 bytes (900 MiB) up to 2147483648 bytes (2048 MiB)
	Memory (heap): init: 008MiB, used: 362MiB, committed: 900MiB, max: 2048MiB
	Memory (non-head): init: 007MiB, used: 127MiB, committed: 128MiB, max: 000MiB
	CPUs: 12
	Processor Vendor: GenuineIntel
	Processor Name: 12th Gen Intel(R) Core(TM) i5-12400F
	Identifier: Intel64 Family 6 Model 151 Stepping 5
	Microarchitecture: Alder Lake
	Frequency (GHz): -0.00
	Number of physical packages: 1
	Number of physical CPUs: 6
	Number of logical CPUs: 12
	Graphics card #0 name: AD104 [GeForce RTX 4070]
	Graphics card #0 vendor: NVIDIA Corporation (0x10de)
	Graphics card #0 VRAM (MiB): 288.00
	Graphics card #0 deviceId: 0x2786
	Graphics card #0 versionInfo: unknown
	Virtual memory max (MiB): 32333.27
	Virtual memory used (MiB): 12693.48
	Swap memory total (MiB): 16385.00
	Swap memory used (MiB): 0.00
	Space in storage for jna.tmpdir (MiB): <path not set>
	Space in storage for org.lwjgl.system.SharedLibraryExtractPath (MiB): <path not set>
	Space in storage for io.netty.native.workdir (MiB): <path not set>
	Space in storage for java.io.tmpdir (MiB): available: 15914.11, total: 15948.28
	Space in storage for workdir (MiB): available: 15914.11, total: 15948.28
	Operating System Version: GNU/Linux Arch Linux unknown (unknown) build 7.2.4-arch1-2
	Process Elevated: false
	Process Loads: Uptime: 6s, user: 23s (390.71%), kernel: 0s (6.76%), total: 23s (397.47%)
	Process Virtual Size (MiB): 4577.35
	Process Resident Size (MiB): 1231.45
	JVM Flags: 1 total; -Xmx2G
	Debug Flags: 0 total; 
	Fabric Mods: 
		bbs: BBS FS mod 2.6.1-26.2
		fabric-api: Fabric API 0.161.0+26.2
			fabric-advancement-api-v1: Fabric Advancement API (v1) 1.0.0+58719a3b9e
			fabric-api-base: Fabric API Base 2.0.4+ece063239e
			fabric-api-lookup-api-v1: Fabric API Lookup API (v1) 2.0.18+11e1c9a39e
			fabric-biome-api-v1: Fabric Biome API (v1) 18.0.6+c7bd5b8e9e
			fabric-block-api-v1: Fabric Block API (v1) 3.1.0+53515aab9e
			fabric-block-getter-api-v2: Fabric BlockGetter API (v2) 2.0.7+ec56b6019e
			fabric-command-api-v2: Fabric Command API (v2) 3.1.0+00cb03469e
			fabric-content-registries-v0: Fabric Content Registries (v0) 11.3.2+37b1aa249e
			fabric-convention-tags-v2: Fabric Convention Tags (v2) 4.7.1+1f023a9e9e
			fabric-crash-report-info-v1: Fabric Crash Report Info (v1) 1.0.5+086d547a9e
			fabric-creative-tab-api-v1: Fabric Creative Tab API (v1) 5.0.15+6468574f9e
			fabric-data-attachment-api-v1: Fabric Data Attachment API (v1) 2.2.19+515ac5339e
			fabric-data-generation-api-v1: Fabric Data Generation API (v1) 25.6.0+c0da0b829e
			fabric-debug-api-v1: Fabric Debug API (v1) 1.0.2+c792624d9e
			fabric-dimensions-v1: Fabric Dimensions API (v1) 5.1.12+515ac5339e
			fabric-entity-events-v1: Fabric Entity Events (v1) 5.0.5+06488ac19e
			fabric-events-interaction-v0: Fabric Events Interaction (v0) 5.2.8+515ac5339e
			fabric-game-rule-api-v1: Fabric Game Rule API (v1) 4.0.8+46a6d00c9e
			fabric-item-api-v1: Fabric Item API (v1) 14.5.0+c68f6cbe9e
			fabric-key-mapping-api-v1: Fabric Key Mapping API (v1) 2.0.5+e2bdee789e
			fabric-lifecycle-events-v1: Fabric Lifecycle Events (v1) 4.1.4+29b6eb019e
			fabric-loot-api-v3: Fabric Loot API (v3) 3.0.17+06488ac19e
			fabric-menu-api-v1: Fabric Menu API (v1) 2.0.17+086d547a9e
			fabric-message-api-v1: Fabric Message API (v1) 7.0.8+bb2ed3f79e
			fabric-model-loading-api-v1: Fabric Model Loading API (v1) 8.0.17+c80601bb9e
			fabric-networking-api-v1: Fabric Networking API (v1) 6.3.4+2989c6a09e
			fabric-object-builder-api-v1: Fabric Object Builder API (v1) 24.1.1+6fcd5f039e
			fabric-particles-v1: Fabric Particles (v1) 5.0.19+d1756aa99e
			fabric-permission-api-v1: Fabric Permission API (v1) 1.0.5+e442d8d09e
			fabric-recipe-api-v1: Fabric Recipe API (v1) 9.0.22+11e1c9a39e
			fabric-registry-sync-v0: Fabric Registry Sync (v0) 7.1.1+c7bd5b8e9e
			fabric-renderer-api-v1: Fabric Renderer API (v1) 14.1.4+2b0d8a229e
			fabric-renderer-indigo: Fabric Renderer - Indigo 9.1.4+2b0d8a229e
			fabric-rendering-fluids-v1: Fabric Rendering Fluids (v1) 6.0.4+06488ac19e
			fabric-rendering-v1: Fabric Rendering (v1) 25.3.3+515ac5339e
			fabric-resource-conditions-api-v1: Fabric Resource Conditions API (v1) 6.1.0+10e9a28b9e
			fabric-resource-loader-v0: Fabric Resource Loader (v0) 3.3.20+4fc5413f9e
			fabric-resource-loader-v1: Fabric Resource Loader (v1) 2.0.13+9edec1269e
			fabric-screen-api-v1: Fabric Screen API (v1) 5.2.1+5087f8249e
			fabric-serialization-api-v1: Fabric Serialization API (v1) 2.0.4+11a26f319e
			fabric-sound-api-v1: Fabric Sound API (v1) 2.0.5+11a26f319e
			fabric-tag-api-v1: Fabric Tag API (v1) 2.1.4+515ac5339e
			fabric-transfer-api-v1: Fabric Transfer API (v1) 8.0.13+11dbb7d79e
			fabric-transitive-access-wideners-v1: Fabric Transitive Access Wideners (v1) 8.1.4+67c847259e
		fabricloader: Fabric Loader 0.19.5
			mixinextras: MixinExtras 0.5.5
		java: OpenJDK 64-Bit Server VM 26
		minecraft: Minecraft 26.2
	Launched Version: 26.2-BBSVE
	Backend library: LWJGL version 3.4.1-snapshot
	Window size: <not initialized>
	Surface Info: <no surface>
	GFLW Platform: null
	Graphics Device: <none>
	GL debug messages: <no renderer available>
	Is Modded: Definitely; Client brand changed to 'fabric'
	Universe: 404
	Type: Client
	Locale: zh_CN
	System encoding: UTF-8
	File encoding: UTF-8
	CPU: 12x 12th Gen Intel(R) Core(TM) i5-12400F
#@!@# Game crashed! Crash report saved to: #@!@# /home/mizuki/.hmcl/.minecraft/versions/26.2-BBSVE/crash-reports/crash-2026-10-03_11.02.02-client.txt
